[demo.w3layouts.com/demos_new/template_demo/07-03-2018/travel_tours-demo_Free/1860349693/web/index55ea.html]
[backblue.gif]
[fade.gif]
[index.html]
[demo.w3layouts.com/demos_new/template_demo/07-03-2018/travel_tours-demo_Free/1860349693/web/css/bootstrap.css]
[demo.w3layouts.com/demos_new/template_demo/07-03-2018/travel_tours-demo_Free/1860349693/web/css/style.css]
[demo.w3layouts.com/demos_new/template_demo/07-03-2018/travel_tours-demo_Free/1860349693/web/css/font-awesome.css]
[demo.w3layouts.com/assests/css/font-awesome.min.css]
[m.servedby-buysellads.com/monetization.js]
[demo.w3layouts.com/js/autotrack.js]
[demo.w3layouts.com/demos_new/template_demo/07-03-2018/travel_tours-demo_Free/1860349693/web/index.html]
[demo.w3layouts.com/demos_new/template_demo/07-03-2018/travel_tours-demo_Free/1860349693/web/about.html]
[demo.w3layouts.com/demos_new/template_demo/07-03-2018/travel_tours-demo_Free/1860349693/web/icons.html]
[demo.w3layouts.com/demos_new/template_demo/07-03-2018/travel_tours-demo_Free/1860349693/web/typography.html]
[demo.w3layouts.com/demos_new/template_demo/07-03-2018/travel_tours-demo_Free/1860349693/web/gallery.html]
[demo.w3layouts.com/demos_new/template_demo/07-03-2018/travel_tours-demo_Free/1860349693/web/contact.html]
[demo.w3layouts.com/demos_new/template_demo/07-03-2018/travel_tours-demo_Free/1860349693/web/images/3.jpg]
[demo.w3layouts.com/demos_new/template_demo/07-03-2018/travel_tours-demo_Free/1860349693/web/images/ab.jpg]
[demo.w3layouts.com/demos_new/template_demo/07-03-2018/travel_tours-demo_Free/1860349693/web/images/ab1.jpg]
[demo.w3layouts.com/demos_new/template_demo/07-03-2018/travel_tours-demo_Free/1860349693/web/images/k1.jpg]
[demo.w3layouts.com/demos_new/template_demo/07-03-2018/travel_tours-demo_Free/1860349693/web/images/k2.jpg]
[demo.w3layouts.com/demos_new/template_demo/07-03-2018/travel_tours-demo_Free/1860349693/web/images/k3.jpg]
[demo.w3layouts.com/demos_new/template_demo/07-03-2018/travel_tours-demo_Free/1860349693/web/images/te1.jpg]
[demo.w3layouts.com/demos_new/template_demo/07-03-2018/travel_tours-demo_Free/1860349693/web/images/te2.jpg]
[demo.w3layouts.com/demos_new/template_demo/07-03-2018/travel_tours-demo_Free/1860349693/web/images/te3.jpg]
[demo.w3layouts.com/demos_new/template_demo/07-03-2018/travel_tours-demo_Free/1860349693/web/js/jquery-2.2.3.min.js]
[demo.w3layouts.com/demos_new/template_demo/07-03-2018/travel_tours-demo_Free/1860349693/web/js/bootstrap.js]
[demo.w3layouts.com/demos_new/template_demo/07-03-2018/travel_tours-demo_Free/1860349693/web/js/responsiveslides.min.js]
[demo.w3layouts.com/demos_new/template_demo/07-03-2018/travel_tours-demo_Free/1860349693/web/css/flexslider.css]
[demo.w3layouts.com/demos_new/template_demo/07-03-2018/travel_tours-demo_Free/1860349693/web/js/jquery.flexslider.js]
[demo.w3layouts.com/demos_new/template_demo/07-03-2018/travel_tours-demo_Free/1860349693/web/js/SmoothScroll.min.js]
[demo.w3layouts.com/demos_new/template_demo/07-03-2018/travel_tours-demo_Free/1860349693/web/js/move-top.js]
[demo.w3layouts.com/demos_new/template_demo/07-03-2018/travel_tours-demo_Free/1860349693/web/js/easing.js]
[demo.w3layouts.com/demos_new/template_demo/07-03-2018/travel_tours-demo_Free/1860349693/web/index55ea.html]
[a.vdo.ai/core/v-w3layouts/vdo.ai.js]
[demo.w3layouts.com/demos_new/template_demo/07-03-2018/travel_tours-demo_Free/1860349693/web/fonts/glyphicons-halflings-regular.eot]
[demo.w3layouts.com/demos_new/template_demo/07-03-2018/travel_tours-demo_Free/1860349693/web/fonts/glyphicons-halflings-regulard41d.eot]
[demo.w3layouts.com/demos_new/template_demo/07-03-2018/travel_tours-demo_Free/1860349693/web/fonts/glyphicons-halflings-regular.woff2]
[demo.w3layouts.com/demos_new/template_demo/07-03-2018/travel_tours-demo_Free/1860349693/web/fonts/glyphicons-halflings-regular.woff]
[demo.w3layouts.com/demos_new/template_demo/07-03-2018/travel_tours-demo_Free/1860349693/web/fonts/glyphicons-halflings-regular.ttf]
[demo.w3layouts.com/demos_new/template_demo/07-03-2018/travel_tours-demo_Free/1860349693/web/css/bootstrap.css]
[demo.w3layouts.com/demos_new/template_demo/07-03-2018/travel_tours-demo_Free/1860349693/web/fonts/glyphicons-halflings-regular.svg]
[demo.w3layouts.com/demos_new/template_demo/07-03-2018/travel_tours-demo_Free/1860349693/web/images/2.jpg]
[demo.w3layouts.com/demos_new/template_demo/07-03-2018/travel_tours-demo_Free/1860349693/web/images/1.jpg]
[demo.w3layouts.com/demos_new/template_demo/07-03-2018/travel_tours-demo_Free/1860349693/web/images/bg1.jpg]
[demo.w3layouts.com/demos_new/template_demo/07-03-2018/travel_tours-demo_Free/1860349693/web/images/up.png]
[demo.w3layouts.com/demos_new/template_demo/07-03-2018/travel_tours-demo_Free/1860349693/web/css/style.css]
[demo.w3layouts.com/demos_new/template_demo/07-03-2018/travel_tours-demo_Free/1860349693/web/fonts/fontawesome-webfont3e6e.eot]
[demo.w3layouts.com/demos_new/template_demo/07-03-2018/travel_tours-demo_Free/1860349693/web/fonts/fontawesome-webfontd41d.eot]
[demo.w3layouts.com/demos_new/template_demo/07-03-2018/travel_tours-demo_Free/1860349693/web/fonts/fontawesome-webfont3e6e.woff2]
[demo.w3layouts.com/demos_new/template_demo/07-03-2018/travel_tours-demo_Free/1860349693/web/fonts/fontawesome-webfont3e6e.woff]
[demo.w3layouts.com/demos_new/template_demo/07-03-2018/travel_tours-demo_Free/1860349693/web/fonts/fontawesome-webfont3e6e.ttf]
[demo.w3layouts.com/demos_new/template_demo/07-03-2018/travel_tours-demo_Free/1860349693/web/css/font-awesome.css]
[demo.w3layouts.com/assests/css/font-awesome.min.css]
[demo.w3layouts.com/demos_new/template_demo/07-03-2018/travel_tours-demo_Free/1860349693/web/index.html]
[demo.w3layouts.com/demos_new/template_demo/07-03-2018/travel_tours-demo_Free/1860349693/web/fonts/fontawesome-webfont3e6e.svg]
[demo.w3layouts.com/demos_new/template_demo/07-03-2018/travel_tours-demo_Free/1860349693/web/images/t1.jpg]
[demo.w3layouts.com/demos_new/template_demo/07-03-2018/travel_tours-demo_Free/1860349693/web/images/t2.jpg]
[demo.w3layouts.com/demos_new/template_demo/07-03-2018/travel_tours-demo_Free/1860349693/web/images/t3.jpg]
[demo.w3layouts.com/demos_new/template_demo/07-03-2018/travel_tours-demo_Free/1860349693/web/images/t4.jpg]
[demo.w3layouts.com/demos_new/template_demo/07-03-2018/travel_tours-demo_Free/1860349693/web/about.html]
[demo.w3layouts.com/demos_new/template_demo/07-03-2018/travel_tours-demo_Free/1860349693/web/icons.html]
[demo.w3layouts.com/demos_new/template_demo/07-03-2018/travel_tours-demo_Free/1860349693/web/typography.html]
[demo.w3layouts.com/demos_new/template_demo/07-03-2018/travel_tours-demo_Free/1860349693/web/css/lsb.css]
[demo.w3layouts.com/demos_new/template_demo/07-03-2018/travel_tours-demo_Free/1860349693/web/images/g1.jpg]
[demo.w3layouts.com/demos_new/template_demo/07-03-2018/travel_tours-demo_Free/1860349693/web/images/g2.jpg]
[demo.w3layouts.com/demos_new/template_demo/07-03-2018/travel_tours-demo_Free/1860349693/web/images/g3.jpg]
[demo.w3layouts.com/demos_new/template_demo/07-03-2018/travel_tours-demo_Free/1860349693/web/images/g4.jpg]
[demo.w3layouts.com/demos_new/template_demo/07-03-2018/travel_tours-demo_Free/1860349693/web/images/g5.jpg]
[demo.w3layouts.com/demos_new/template_demo/07-03-2018/travel_tours-demo_Free/1860349693/web/images/g6.jpg]
[demo.w3layouts.com/demos_new/template_demo/07-03-2018/travel_tours-demo_Free/1860349693/web/images/g7.jpg]
[demo.w3layouts.com/demos_new/template_demo/07-03-2018/travel_tours-demo_Free/1860349693/web/images/g8.jpg]
[demo.w3layouts.com/demos_new/template_demo/07-03-2018/travel_tours-demo_Free/1860349693/web/images/g9.jpg]
[demo.w3layouts.com/demos_new/template_demo/07-03-2018/travel_tours-demo_Free/1860349693/web/js/lsb.min.js]
[demo.w3layouts.com/demos_new/template_demo/07-03-2018/travel_tours-demo_Free/1860349693/web/gallery.html]
[demo.w3layouts.com/demos_new/template_demo/07-03-2018/travel_tours-demo_Free/1860349693/web/contact.html]
[demo.w3layouts.com/demos_new/template_demo/07-03-2018/travel_tours-demo_Free/1860349693/web/css/flexslider.css]
[demo.w3layouts.com/demos_new/template_demo/07-03-2018/travel_tours-demo_Free/1860349693/web/fonts/glyphicons-halflings-regular.svg]
[demo.w3layouts.com/demos_new/template_demo/07-03-2018/travel_tours-demo_Free/1860349693/web/fonts/fontawesome-webfont3e6e.svg]
[demo.w3layouts.com/demos_new/template_demo/07-03-2018/travel_tours-demo_Free/1860349693/web/css/lsb.css]
